// Jest Snapshot v1, https://goo.gl/fbAQLP

exports[`renders 2 out of 5 stars solid crashing 1`] = `
<div>
  <div
    class="item-rating-container"
  >
    <a
      class="rating-star-link"
      href="/"
    >
      <i
        class="material-icons tiny"
      >
        star
      </i>
    </a>
    <a
      class="rating-star-link"
      href="/"
    >
      <i
        class="material-icons tiny"
      >
        star
      </i>
    </a>
    <a
      class="rating-star-link"
      href="/"
    >
      <i
        class="material-icons tiny"
      >
        star_border
      </i>
    </a>
    <a
      class="rating-star-link"
      href="/"
    >
      <i
        class="material-icons tiny"
      >
        star_border
      </i>
    </a>
    <a
      class="rating-star-link"
      href="/"
    >
      <i
        class="material-icons tiny"
      >
        star_border
      </i>
    </a>
  </div>
</div>
`;

exports[`renders 2 out of 10 stars solid crashing 1`] = `
<div>
  <div
    class="item-rating-container"
  >
    <a
      class="rating-star-link"
      href="/"
    >
      <i
        class="material-icons tiny"
      >
        star
      </i>
    </a>
    <a
      class="rating-star-link"
      href="/"
    >
      <i
        class="material-icons tiny"
      >
        star
      </i>
    </a>
    <a
      class="rating-star-link"
      href="/"
    >
      <i
        class="material-icons tiny"
      >
        star_border
      </i>
    </a>
    <a
      class="rating-star-link"
      href="/"
    >
      <i
        class="material-icons tiny"
      >
        star_border
      </i>
    </a>
    <a
      class="rating-star-link"
      href="/"
    >
      <i
        class="material-icons tiny"
      >
        star_border
      </i>
    </a>
    <a
      class="rating-star-link"
      href="/"
    >
      <i
        class="material-icons tiny"
      >
        star_border
      </i>
    </a>
    <a
      class="rating-star-link"
      href="/"
    >
      <i
        class="material-icons tiny"
      >
        star_border
      </i>
    </a>
    <a
      class="rating-star-link"
      href="/"
    >
      <i
        class="material-icons tiny"
      >
        star_border
      </i>
    </a>
    <a
      class="rating-star-link"
      href="/"
    >
      <i
        class="material-icons tiny"
      >
        star_border
      </i>
    </a>
    <a
      class="rating-star-link"
      href="/"
    >
      <i
        class="material-icons tiny"
      >
        star_border
      </i>
    </a>
  </div>
</div>
`;

exports[`renders without crashing 1`] = `<div />`;
