// Jest Snapshot v1, https://goo.gl/fbAQLP

exports[`renders without crashing 1`] = `
<div>
  <header
    class="header-container"
  >
    <nav>
      <div
        class="nav-wrapper teal row"
      >
        <a
          class="brand-logo pl-1 col s3"
          href="/"
        >
          <i
            class="material-icons"
          >
            shopping_basket
          </i>
          OEM Store
        </a>
        <div
          class="col s9 right"
        >
          <ul
            id="nav-mobile"
          >
            <li
              class="left"
            >
              <a
                href="/"
              >
                All Items
              </a>
            </li>
            <li
              class="right"
            >
              <a
                href="/cart"
              >
                <i
                  class="material-icons left shopping-cart-icon"
                >
                  shopping_cart
                </i>
              </a>
            </li>
            <li
              class="right"
            >
              <a
                href="/login"
              >
                Login with Google
              </a>
            </li>
          </ul>
        </div>
      </div>
    </nav>
  </header>
</div>
`;
