// Jest Snapshot v1, https://goo.gl/fbAQLP

exports[`renders without crashing 1`] = `
<div>
  <header
    class="header-container"
  >
    <nav>
      <div
        class="nav-wrapper teal"
      >
        <a
          class="brand-logo pl-1"
          href="/"
        >
          OEM Store
        </a>
        <ul
          class="right"
          id="nav-mobile"
        >
          <li>
            <a
              href="/cart"
            >
              <i
                class="material-icons"
              >
                shopping_cart
              </i>
            </a>
          </li>
        </ul>
      </div>
    </nav>
  </header>
</div>
`;
